======================================================================
Camera Coverage Algorithm - Test Suite
======================================================================

≡ƒô╖ Test 1: Single camera covers entire range
Result: Γ£à PASS
Message: Coverage is complete. 1 hardware camera(s) fully cover the required range.

≡ƒô╖ Test 2: Two cameras together cover the range
Result: Γ£à PASS
Message: Coverage is complete. 2 hardware camera(s) fully cover the required range.

≡ƒô╖ Test 3: Gap in distance coverage (should fail)
Result: Γ£à PASS (correctly identified gap)
Message: Coverage is incomplete. 1 region(s) remain uncovered.
Uncovered regions:
  1. Distance: [8, 12], Light: [100, 1000]

≡ƒô╖ Test 4: Gap in light level coverage (should fail)
Result: Γ£à PASS (correctly identified gap)
Message: Coverage is incomplete. 1 region(s) remain uncovered.
Uncovered regions:
  1. Distance: [1, 10], Light: [300, 500]

≡ƒô╖ Test 5: Four cameras covering all quadrants
Result: Γ£à PASS
Message: Coverage is complete. 4 hardware camera(s) fully cover the required range.

≡ƒô╖ Test 6: No cameras provided (should fail)
Result: Γ£à PASS (correctly identified no cameras)
Message: No hardware cameras provided

≡ƒô╖ Test 7: Three overlapping cameras with full coverage
Result: Γ£à PASS
Message: Coverage is complete. 3 hardware camera(s) fully cover the required range.

======================================================================
Test Suite Complete
======================================================================
